Copyright 1986-2018 Xilinx, Inc. All Rights Reserved.
----------------------------------------------------------------------------------------
| Tool Version : Vivado v.2018.2 (win64) Build 2258646 Thu Jun 14 20:03:12 MDT 2018
| Date         : Sat Apr  6 16:38:50 2024
| Host         : DESKTOP-CDQO724 running 64-bit major release  (build 9200)
| Command      : report_control_sets -verbose -file Top_Student_control_sets_placed.rpt
| Design       : Top_Student
| Device       : xc7a35t
----------------------------------------------------------------------------------------

Control Set Information

Table of Contents
-----------------
1. Summary
2. Histogram
3. Flip-Flop Distribution
4. Detailed Control Set Information

1. Summary
----------

+----------------------------------------------------------+-------+
|                          Status                          | Count |
+----------------------------------------------------------+-------+
| Number of unique control sets                            |    22 |
| Unused register locations in slices containing registers |    48 |
+----------------------------------------------------------+-------+


2. Histogram
------------

+--------+--------------+
| Fanout | Control Sets |
+--------+--------------+
|      4 |            2 |
|      8 |            1 |
|     10 |            1 |
|     12 |            2 |
|    16+ |           16 |
+--------+--------------+


3. Flip-Flop Distribution
-------------------------

+--------------+-----------------------+------------------------+-----------------+--------------+
| Clock Enable | Synchronous Set/Reset | Asynchronous Set/Reset | Total Registers | Total Slices |
+--------------+-----------------------+------------------------+-----------------+--------------+
| No           | No                    | No                     |              48 |           15 |
| No           | No                    | Yes                    |               0 |            0 |
| No           | Yes                   | No                     |             290 |           48 |
| Yes          | No                    | No                     |             182 |           33 |
| Yes          | No                    | Yes                    |               0 |            0 |
| Yes          | Yes                   | No                     |             112 |           20 |
+--------------+-----------------------+------------------------+-----------------+--------------+


4. Detailed Control Set Information
-----------------------------------

+----------------+----------------------------------------+---------------------------------------------+------------------+----------------+
|  Clock Signal  |              Enable Signal             |               Set/Reset Signal              | Slice Load Count | Bel Load Count |
+----------------+----------------------------------------+---------------------------------------------+------------------+----------------+
| ~clk6p25m_BUFG |                                        |                                             |                2 |              4 |
|  clk_IBUF_BUFG |                                        |                                             |                2 |              4 |
|  clk1k_BUFG    | TEST_BALLISTIC/POWER_INPUT[7]_i_2_n_0  | TEST_BALLISTIC/POWER_INPUT[7]_i_1_n_0       |                2 |              8 |
|  clk1k_BUFG    | TEST_BALLISTIC/bullet_ypos[2]_i_1_n_0  | TEST_BALLISTIC/flight_time_ms               |                2 |             10 |
|  clk1k_BUFG    | TEST_BALLISTIC/THETA1                  |                                             |                2 |             12 |
|  clk1k_BUFG    | TEST_BALLISTIC/THETA2                  |                                             |                3 |             12 |
|  clk1k_BUFG    |                                        |                                             |                5 |             16 |
|  clk6p25m_BUFG | multi_player/P1_XPOS                   |                                             |                4 |             16 |
|  clk6p25m_BUFG | multi_player/P2_XPOS                   |                                             |                3 |             16 |
|  clk1k_BUFG    |                                        | TEST_BALLISTIC/debounceactive025_out        |                4 |             18 |
|  clk1k_BUFG    | TEST_BALLISTIC/LD[15]_i_2_n_0          | TEST_BALLISTIC/LD[15]_i_1_n_0               |                6 |             20 |
|  clk1k_BUFG    |                                        | TEST_BALLISTIC/debounceactive_centre022_out |                4 |             22 |
|  clk1k_BUFG    | TEST_BALLISTIC/bullet_ypos[2]_i_1_n_0  |                                             |                7 |             22 |
|  clk6p25m_BUFG |                                        |                                             |                6 |             24 |
|  clk1k_BUFG    | TEST_BALLISTIC/out[0]                  | TEST_BALLISTIC/flight_time_ms               |                4 |             32 |
| ~clk6p25m_BUFG |                                        | unit_oled/frame_counter[16]_i_1_n_0         |                4 |             32 |
| ~clk6p25m_BUFG | unit_oled/delay[0]_i_1_n_0             |                                             |                5 |             40 |
|  clk6p25m_BUFG | multi_player/debouncer_timer           | multi_player/debouncer_timer[0]_i_1_n_0     |                6 |             42 |
| ~clk6p25m_BUFG | unit_oled/FSM_onehot_state[31]_i_1_n_0 |                                             |                9 |             64 |
|  clk_IBUF_BUFG |                                        | CLK_1KHZ/COUNT[0]_i_1__0_n_0                |                8 |             64 |
|  clk_IBUF_BUFG |                                        | CLK_6p25MHZ/clear                           |                8 |             64 |
| ~clk6p25m_BUFG |                                        | unit_oled/spi_word[39]_i_1_n_0              |               20 |             90 |
+----------------+----------------------------------------+---------------------------------------------+------------------+----------------+


